
Discarded input sections

 .text          0x00000000        0x0 objs/src/hello.o
 .data          0x00000000        0x0 objs/src/hello.o
 .bss           0x00000000        0x0 objs/src/hello.o
 .text          0x00000000        0x0 objs/sys/startup_gcc.o
 .data          0x00000000        0x0 objs/sys/startup_gcc.o
 .bss           0x00000000        0x0 objs/sys/startup_gcc.o

Memory Configuration

Name             Origin             Length             Attributes
FLASH            0x00000000         0x00040000         xr
SRAM             0x20000000         0x00008000         xrw
*default*        0x00000000         0xffffffff

Linker script and memory map

LOAD objs/src/hello.o
LOAD objs/sys/startup_gcc.o

.text           0x00000000      0x328
                0x00000000                        _text = .
 *(.isr_vector)
 .isr_vector    0x00000000      0x26c objs/sys/startup_gcc.o
                0x00000000                g_pfnVectors
 *(.text*)
 .text.main     0x0000026c       0x70 objs/src/hello.o
                0x0000026c                main
 .text.NmiSR    0x000002dc        0x2 objs/sys/startup_gcc.o
 .text.FaultISR
                0x000002de        0x2 objs/sys/startup_gcc.o
 .text.IntDefaultHandler
                0x000002e0        0x2 objs/sys/startup_gcc.o
 *fill*         0x000002e2        0x2 
 .text.ResetISR
                0x000002e4       0x44 objs/sys/startup_gcc.o
                0x000002e4                ResetISR
 *(.rodata*)
                0x00000328                        _etext = .

.glue_7         0x00000328        0x0
 .glue_7        0x00000328        0x0 linker stubs

.glue_7t        0x00000328        0x0
 .glue_7t       0x00000328        0x0 linker stubs

.vfp11_veneer   0x00000328        0x0
 .vfp11_veneer  0x00000328        0x0 linker stubs

.v4_bx          0x00000328        0x0
 .v4_bx         0x00000328        0x0 linker stubs

.iplt           0x00000328        0x0
 .iplt          0x00000328        0x0 objs/sys/startup_gcc.o

.rel.dyn        0x00000328        0x0
 .rel.iplt      0x00000328        0x0 objs/sys/startup_gcc.o

.data           0x20000000        0x0 load address 0x00000328
                0x20000000                        _data = .
 *(vtable)
 *(.data*)
                0x20000000                        _edata = .

.igot.plt       0x20000000        0x0
 .igot.plt      0x20000000        0x0 objs/sys/startup_gcc.o

.bss            0x20000000      0x100
                0x20000000                        _bss = .
 *(.bss*)
 .bss.pulStack  0x20000000      0x100 objs/sys/startup_gcc.o
 *(COMMON)
                0x20000100                        _ebss = .
OUTPUT(objs/demoApp.axf elf32-littlearm)
LOAD linker stubs

.debug_info     0x00000000      0x227
 .debug_info    0x00000000       0xbe objs/src/hello.o
 .debug_info    0x000000be      0x169 objs/sys/startup_gcc.o

.debug_abbrev   0x00000000      0x160
 .debug_abbrev  0x00000000       0x6c objs/src/hello.o
 .debug_abbrev  0x0000006c       0xf4 objs/sys/startup_gcc.o

.debug_aranges  0x00000000       0x58
 .debug_aranges
                0x00000000       0x20 objs/src/hello.o
 .debug_aranges
                0x00000020       0x38 objs/sys/startup_gcc.o

.debug_rnglists
                0x00000000       0x38
 .debug_rnglists
                0x00000000       0x13 objs/src/hello.o
 .debug_rnglists
                0x00000013       0x25 objs/sys/startup_gcc.o

.debug_line     0x00000000      0x1ef
 .debug_line    0x00000000      0x110 objs/src/hello.o
 .debug_line    0x00000110       0xdf objs/sys/startup_gcc.o

.debug_str      0x00000000      0x26d
 .debug_str     0x00000000      0x26d objs/src/hello.o
                                0x174 (size before relaxing)
 .debug_str     0x0000026d      0x1c4 objs/sys/startup_gcc.o

.comment        0x00000000       0x49
 .comment       0x00000000       0x49 objs/src/hello.o
                                 0x24 (size before relaxing)
 .comment       0x00000049       0x27 objs/sys/startup_gcc.o

.ARM.attributes
                0x00000000       0x32
 .ARM.attributes
                0x00000000       0x32 objs/src/hello.o
 .ARM.attributes
                0x00000032       0x32 objs/sys/startup_gcc.o

.debug_frame    0x00000000       0x7c
 .debug_frame   0x00000000       0x24 objs/src/hello.o
 .debug_frame   0x00000024       0x58 objs/sys/startup_gcc.o

.debug_loclists
                0x00000000       0x46
 .debug_loclists
                0x00000000       0x46 objs/sys/startup_gcc.o
